INFO:root:[+] Thread: 1 - Success fetched: https://i.imgur.com/vKTuZWO.gifv
encoding error : input conversion failed due to input error, bytes 0x8F 0x92 0x49 0x0E
encoding error : input conversion failed due to input error, bytes 0x8F 0x92 0x49 0x0E